matches its arguments snapshot:
  1: |
    - '--listen-address=::'
    - --port=8080
    - --read-timeout=10s
    - --write-timeout=10s
    - '--management-listen-address=::'
    - --management-port=8081
    - --management-read-timeout=10s
    - --management-write-timeout=10s
    - --log-level=info
    - --log-format=json
    - --jsonnet-endpoint-path=jsonnet
    - --evaluation-timeout=5s
    - --max-stack=500
    - --max-concurrent-evals=32
    - --shutdown-delay=5s
    - --snippet-directory=/srv/snippets
matches its security context snapshot:
  1: |
    allowPrivilegeEscalation: false
    capabilities:
      drop:
        - ALL
    readOnlyRootFilesystem: true
    runAsGroup: 12345
    runAsNonRoot: true
    runAsUser: 12345
    seccompProfile:
      type: RuntimeDefault
matches its volume mounts snapshot:
  1: |
    - mountPath: /tmp
      name: tmp
matches its volumes snapshot:
  1: |
    - emptyDir:
        sizeLimit: 256Mi
      name: tmp
supports additional env variables:
  1: |
    - name: JAAS_EXT_VAR_other
      value: thing
    - name: JAAS_EXT_VAR_some
      value: value
supports loading env variables from config maps and secrets:
  1: |
    - configMapRef:
        name: some-config-map
    - secretRef:
        name: some-secret
